// Jest Snapshot v1, https://goo.gl/fbAQLP

exports[`SQS Queue Created 1`] = `
{
  "Outputs": {
    "bucketName": {
      "Value": {
        "Ref": "ExampleBucketDC717CF4",
      },
    },
    "tableName": {
      "Value": {
        "Ref": "ExampleTable114D508F",
      },
    },
  },
  "Resources": {
    "BaseFunction2720903A": {
      "DependsOn": [
        "BaseFunctionServiceRole9D84751B",
      ],
      "Properties": {
        "Architectures": [
          "arm64",
        ],
        "Code": {
          "S3Bucket": {
            "Fn::Sub": "cdk-hnb659fds-assets-\${AWS::AccountId}-\${AWS::Region}",
          },
          "S3Key": "f35a6e179b1780f489f8e8542d227424ff0f31d1bb587b6755eea1ded64c610a.zip",
        },
        "Environment": {
          "Variables": {
            "TABLE_NAME": {
              "Ref": "ExampleTable114D508F",
            },
          },
        },
        "Handler": "index.handler",
        "Role": {
          "Fn::GetAtt": [
            "BaseFunctionServiceRole9D84751B",
            "Arn",
          ],
        },
        "Runtime": "nodejs20.x",
        "Timeout": 10,
      },
      "Type": "AWS::Lambda::Function",
    },
    "BaseFunctionServiceRole9D84751B": {
      "Properties": {
        "AssumeRolePolicyDocument": {
          "Statement": [
            {
              "Action": "sts:AssumeRole",
              "Effect": "Allow",
              "Principal": {
                "Service": "lambda.amazonaws.com",
              },
            },
          ],
          "Version": "2012-10-17",
        },
        "ManagedPolicyArns": [
          {
            "Fn::Join": [
              "",
              [
                "arn:",
                {
                  "Ref": "AWS::Partition",
                },
                ":iam::aws:policy/service-role/AWSLambdaBasicExecutionRole",
              ],
            ],
          },
        ],
      },
      "Type": "AWS::IAM::Role",
    },
    "ExampleBucketDC717CF4": {
      "DeletionPolicy": "Retain",
      "Type": "AWS::S3::Bucket",
      "UpdateReplacePolicy": "Retain",
    },
    "ExampleTable114D508F": {
      "DeletionPolicy": "Retain",
      "Properties": {
        "AttributeDefinitions": [
          {
            "AttributeName": "PK",
            "AttributeType": "S",
          },
        ],
        "BillingMode": "PAY_PER_REQUEST",
        "KeySchema": [
          {
            "AttributeName": "PK",
            "KeyType": "HASH",
          },
        ],
      },
      "Type": "AWS::DynamoDB::Table",
      "UpdateReplacePolicy": "Retain",
    },
    "one0A8EDDC8": {
      "DependsOn": [
        "oneServiceRole9B3089FC",
      ],
      "Properties": {
        "Architectures": [
          "arm64",
        ],
        "Code": {
          "S3Bucket": {
            "Fn::Sub": "cdk-hnb659fds-assets-\${AWS::AccountId}-\${AWS::Region}",
          },
          "S3Key": "9041c640c3bb676a562eee4b768a345135f883529f3307f29c49514549551fcb.zip",
        },
        "Environment": {
          "Variables": {
            "TABLE_NAME": {
              "Ref": "ExampleTable114D508F",
            },
          },
        },
        "Handler": "index.handler",
        "Role": {
          "Fn::GetAtt": [
            "oneServiceRole9B3089FC",
            "Arn",
          ],
        },
        "Runtime": "nodejs20.x",
        "Timeout": 10,
      },
      "Type": "AWS::Lambda::Function",
    },
    "oneServiceRole9B3089FC": {
      "Properties": {
        "AssumeRolePolicyDocument": {
          "Statement": [
            {
              "Action": "sts:AssumeRole",
              "Effect": "Allow",
              "Principal": {
                "Service": "lambda.amazonaws.com",
              },
            },
          ],
          "Version": "2012-10-17",
        },
        "ManagedPolicyArns": [
          {
            "Fn::Join": [
              "",
              [
                "arn:",
                {
                  "Ref": "AWS::Partition",
                },
                ":iam::aws:policy/service-role/AWSLambdaBasicExecutionRole",
              ],
            ],
          },
        ],
      },
      "Type": "AWS::IAM::Role",
    },
    "two9720DAB2": {
      "DependsOn": [
        "twoServiceRole056C1EB2",
      ],
      "Properties": {
        "Architectures": [
          "arm64",
        ],
        "Code": {
          "S3Bucket": {
            "Fn::Sub": "cdk-hnb659fds-assets-\${AWS::AccountId}-\${AWS::Region}",
          },
          "S3Key": "a20b8017ab40fcf73e1ed32d0438ec75fe81228bdb7705b81288bc44f3175b1f.zip",
        },
        "Environment": {
          "Variables": {
            "TABLE_NAME": {
              "Ref": "ExampleTable114D508F",
            },
          },
        },
        "Handler": "index.handler",
        "Role": {
          "Fn::GetAtt": [
            "twoServiceRole056C1EB2",
            "Arn",
          ],
        },
        "Runtime": "nodejs20.x",
        "Timeout": 10,
      },
      "Type": "AWS::Lambda::Function",
    },
    "twoServiceRole056C1EB2": {
      "Properties": {
        "AssumeRolePolicyDocument": {
          "Statement": [
            {
              "Action": "sts:AssumeRole",
              "Effect": "Allow",
              "Principal": {
                "Service": "lambda.amazonaws.com",
              },
            },
          ],
          "Version": "2012-10-17",
        },
        "ManagedPolicyArns": [
          {
            "Fn::Join": [
              "",
              [
                "arn:",
                {
                  "Ref": "AWS::Partition",
                },
                ":iam::aws:policy/service-role/AWSLambdaBasicExecutionRole",
              ],
            ],
          },
        ],
      },
      "Type": "AWS::IAM::Role",
    },
  },
}
`;
